[INFO] Scanning for projects...
[INFO] 
[INFO] -----------------------< com.backend:attendance >-----------------------
[INFO] Building attendance 0.0.1-SNAPSHOT
[INFO]   from pom.xml
[INFO] --------------------------------[ jar ]---------------------------------
[INFO] 
[INFO] --- clean:3.3.2:clean (default-clean) @ attendance ---
[INFO] Deleting C:\Users\91780\OneDrive\Desktop\FreeLaunce\Attendx\backend\target
[INFO] 
[INFO] --- resources:3.3.1:resources (default-resources) @ attendance ---
[INFO] Copying 1 resource from src\main\resources to target\classes
[INFO] Copying 0 resource from src\main\resources to target\classes
[INFO] 
[INFO] --- compiler:3.11.0:compile (default-compile) @ attendance ---
[INFO] Changes detected - recompiling the module! :source
[INFO] Compiling 35 source files with javac [debug release 21] to target\classes
[INFO] -------------------------------------------------------------
[WARNING] COMPILATION WARNING : 
[INFO] -------------------------------------------------------------
[WARNING] /C:/Users/91780/OneDrive/Desktop/FreeLaunce/Attendx/backend/src/main/java/com/backend/attendance/controller/FaceProxyController.java:[45,16] setBufferRequestBody(boolean) in org.springframework.http.client.SimpleClientHttpRequestFactory has been deprecated and marked for removal
[INFO] 1 warning
[INFO] -------------------------------------------------------------
[INFO] -------------------------------------------------------------
[ERROR] COMPILATION ERROR : 
[INFO] -------------------------------------------------------------
[ERROR] /C:/Users/91780/OneDrive/Desktop/FreeLaunce/Attendx/backend/src/main/java/com/backend/attendance/service/AttendanceService.java:[240,36] cannot find symbol
  symbol:   method findByDateBetween(java.time.LocalDate,java.time.LocalDate)
  location: variable attendanceRepository of type com.backend.attendance.repository.AttendanceRepository
[ERROR] /C:/Users/91780/OneDrive/Desktop/FreeLaunce/Attendx/backend/src/main/java/com/backend/attendance/service/AttendanceService.java:[246,36] cannot find symbol
  symbol:   method findByTutorIdAndDateBetween(java.lang.String,java.time.LocalDate,java.time.LocalDate)
  location: variable attendanceRepository of type com.backend.attendance.repository.AttendanceRepository
[INFO] 2 errors 
[INFO] -------------------------------------------------------------
[INFO] ------------------------------------------------------------------------
[INFO] BUILD FAILURE
[INFO] ------------------------------------------------------------------------
[INFO] Total time:  6.380 s
[INFO] Finished at: 2026-04-03T12:44:30+05:30
[INFO] ------------------------------------------------------------------------
[ERROR] Failed to execute goal org.apache.maven.plugins:maven-compiler-plugin:3.11.0:compile (default-compile) on project attendance: Compilation failure: Compilation failure: 
[ERROR] /C:/Users/91780/OneDrive/Desktop/FreeLaunce/Attendx/backend/src/main/java/com/backend/attendance/service/AttendanceService.java:[240,36] cannot find symbol
[ERROR]   symbol:   method findByDateBetween(java.time.LocalDate,java.time.LocalDate)
[ERROR]   location: variable attendanceRepository of type com.backend.attendance.repository.AttendanceRepository
[ERROR] /C:/Users/91780/OneDrive/Desktop/FreeLaunce/Attendx/backend/src/main/java/com/backend/attendance/service/AttendanceService.java:[246,36] cannot find symbol
[ERROR]   symbol:   method findByTutorIdAndDateBetween(java.lang.String,java.time.LocalDate,java.time.LocalDate)
[ERROR]   location: variable attendanceRepository of type com.backend.attendance.repository.AttendanceRepository
[ERROR] -> [Help 1]
[ERROR] 
[ERROR] To see the full stack trace of the errors, re-run Maven with the -e switch.
[ERROR] Re-run Maven using the -X switch to enable full debug logging.
[ERROR] 
[ERROR] For more information about the errors and possible solutions, please read the following articles:
[ERROR] [Help 1] http://cwiki.apache.org/confluence/display/MAVEN/MojoFailureException
